  Game.cpp
C:\Users\dawid\source\repos\MazeRunner\Game.cpp(22,42): warning C4244: "argument": konwersja z "float" do "unsigned int", możliwa utrata danych
C:\Users\dawid\source\repos\MazeRunner\Game.cpp(22,31): warning C4244: "argument": konwersja z "float" do "unsigned int", możliwa utrata danych
C:\Users\dawid\source\repos\MazeRunner\Game.cpp(72,105): warning C4244: "argument": konwersja z "double" do "float", możliwa utrata danych
C:\Users\dawid\source\repos\MazeRunner\Game.cpp(72,62): warning C4244: "argument": konwersja z "double" do "float", możliwa utrata danych
C:\Users\dawid\source\repos\MazeRunner\Game.cpp(75,50): warning C4244: "argument": konwersja z "T" do "T", możliwa utrata danych
C:\Users\dawid\source\repos\MazeRunner\Game.cpp(75,50): warning C4244:         with
C:\Users\dawid\source\repos\MazeRunner\Game.cpp(75,50): warning C4244:         [
C:\Users\dawid\source\repos\MazeRunner\Game.cpp(75,50): warning C4244:             T=unsigned int
C:\Users\dawid\source\repos\MazeRunner\Game.cpp(75,50): warning C4244:         ]
C:\Users\dawid\source\repos\MazeRunner\Game.cpp(75,50): warning C4244:         and
C:\Users\dawid\source\repos\MazeRunner\Game.cpp(75,50): warning C4244:         [
C:\Users\dawid\source\repos\MazeRunner\Game.cpp(75,50): warning C4244:             T=float
C:\Users\dawid\source\repos\MazeRunner\Game.cpp(75,50): warning C4244:         ]
C:\Users\dawid\source\repos\MazeRunner\Game.cpp(91,37): warning C4244: "argument": konwersja z "float" do "unsigned int", możliwa utrata danych
C:\Users\dawid\source\repos\MazeRunner\Game.cpp(91,26): warning C4244: "argument": konwersja z "float" do "unsigned int", możliwa utrata danych
C:\Users\dawid\source\repos\MazeRunner\Game.cpp(259,17): warning C4244: "inicjowanie": konwersja z "float" do "int", możliwa utrata danych
C:\Users\dawid\source\repos\MazeRunner\Game.cpp(322,46): warning C4244: "argument": konwersja z "int" do "T", możliwa utrata danych
C:\Users\dawid\source\repos\MazeRunner\Game.cpp(322,46): warning C4244:         with
C:\Users\dawid\source\repos\MazeRunner\Game.cpp(322,46): warning C4244:         [
C:\Users\dawid\source\repos\MazeRunner\Game.cpp(322,46): warning C4244:             T=float
C:\Users\dawid\source\repos\MazeRunner\Game.cpp(322,46): warning C4244:         ]
C:\Users\dawid\source\repos\MazeRunner\Game.cpp(321,46): warning C4244: "argument": konwersja z "int" do "T", możliwa utrata danych
C:\Users\dawid\source\repos\MazeRunner\Game.cpp(321,46): warning C4244:         with
C:\Users\dawid\source\repos\MazeRunner\Game.cpp(321,46): warning C4244:         [
C:\Users\dawid\source\repos\MazeRunner\Game.cpp(321,46): warning C4244:             T=float
C:\Users\dawid\source\repos\MazeRunner\Game.cpp(321,46): warning C4244:         ]
C:\Users\dawid\source\repos\MazeRunner\Game.cpp(330,24): warning C4244: "inicjowanie": konwersja z "double" do "float", możliwa utrata danych
C:\Users\dawid\source\repos\MazeRunner\Game.cpp(497,105): warning C4244: "argument": konwersja z "double" do "float", możliwa utrata danych
C:\Users\dawid\source\repos\MazeRunner\Game.cpp(497,62): warning C4244: "argument": konwersja z "double" do "float", możliwa utrata danych
C:\Program Files\Microsoft Visual Studio\2022\Community\VC\Tools\MSVC\14.44.35207\include\utility(274,16): warning C4244: "inicjowanie": konwersja z "T" do "_Ty1", możliwa utrata danych
C:\Program Files\Microsoft Visual Studio\2022\Community\VC\Tools\MSVC\14.44.35207\include\utility(274,16): warning C4244:         with
C:\Program Files\Microsoft Visual Studio\2022\Community\VC\Tools\MSVC\14.44.35207\include\utility(274,16): warning C4244:         [
C:\Program Files\Microsoft Visual Studio\2022\Community\VC\Tools\MSVC\14.44.35207\include\utility(274,16): warning C4244:             T=float
C:\Program Files\Microsoft Visual Studio\2022\Community\VC\Tools\MSVC\14.44.35207\include\utility(274,16): warning C4244:         ]
C:\Program Files\Microsoft Visual Studio\2022\Community\VC\Tools\MSVC\14.44.35207\include\utility(274,16): warning C4244:         and
C:\Program Files\Microsoft Visual Studio\2022\Community\VC\Tools\MSVC\14.44.35207\include\utility(274,16): warning C4244:         [
C:\Program Files\Microsoft Visual Studio\2022\Community\VC\Tools\MSVC\14.44.35207\include\utility(274,16): warning C4244:             _Ty1=int
C:\Program Files\Microsoft Visual Studio\2022\Community\VC\Tools\MSVC\14.44.35207\include\utility(274,16): warning C4244:         ]
  (kompilowanie pliku źródłowego „Game.cpp”)
      C:\Program Files\Microsoft Visual Studio\2022\Community\VC\Tools\MSVC\14.44.35207\include\utility(274,16):
      kontekst tworzenia wystąpienia szablonu (najpierw najstarszy) to
          C:\Users\dawid\source\repos\MazeRunner\Game.cpp(328,27):
          zobacz odwołanie do kompilowanego tworzenia wystąpienia „std::pair<int,int>::pair<T&,T&,0>(_Other1,_Other2) noexcept” funkcji szablon
          with
          [
              T=float,
              _Other1=float &,
              _Other2=float &
          ]
              C:\Users\dawid\source\repos\MazeRunner\Game.cpp(328,5):
              zobacz pierwsze odwołanie do elementu „std::pair<int,int>::pair” w „Game::DrawStepTrail”
  
C:\Program Files\Microsoft Visual Studio\2022\Community\VC\Tools\MSVC\14.44.35207\include\utility(274,54): warning C4244: "inicjowanie": konwersja z "T" do "_Ty2", możliwa utrata danych
C:\Program Files\Microsoft Visual Studio\2022\Community\VC\Tools\MSVC\14.44.35207\include\utility(274,54): warning C4244:         with
C:\Program Files\Microsoft Visual Studio\2022\Community\VC\Tools\MSVC\14.44.35207\include\utility(274,54): warning C4244:         [
C:\Program Files\Microsoft Visual Studio\2022\Community\VC\Tools\MSVC\14.44.35207\include\utility(274,54): warning C4244:             T=float
C:\Program Files\Microsoft Visual Studio\2022\Community\VC\Tools\MSVC\14.44.35207\include\utility(274,54): warning C4244:         ]
C:\Program Files\Microsoft Visual Studio\2022\Community\VC\Tools\MSVC\14.44.35207\include\utility(274,54): warning C4244:         and
C:\Program Files\Microsoft Visual Studio\2022\Community\VC\Tools\MSVC\14.44.35207\include\utility(274,54): warning C4244:         [
C:\Program Files\Microsoft Visual Studio\2022\Community\VC\Tools\MSVC\14.44.35207\include\utility(274,54): warning C4244:             _Ty2=int
C:\Program Files\Microsoft Visual Studio\2022\Community\VC\Tools\MSVC\14.44.35207\include\utility(274,54): warning C4244:         ]
  (kompilowanie pliku źródłowego „Game.cpp”)
  
  MazeRunner.vcxproj -> C:\Users\dawid\source\repos\MazeRunner\x64\Debug\MazeRunner.exe
